// Jest Snapshot v1, https://goo.gl/fbAQLP

exports[`Wireframe: WireFrameAnnotationsNote should render correctly 1`] = `
<WireFrameAnnotationsNoteContainer>
  <header>
    <IdentifierNote>
      1
    </IdentifierNote>
    <h2>
      Test component
    </h2>
  </header>
  <article>
    Test description
  </article>
</WireFrameAnnotationsNoteContainer>
`;
